### 关于存储的操作命令

```shell
mount – 挂载一个文件系统
umount – 卸载一个文件系统
fsck – 检查和修复一个文件系统
fdisk – 分区表控制器
mkfs – 创建文件系统
fdformat – 格式化一张软盘
dd — 把面向块的数据直接写入设备
genisoimage (mkisofs) – 创建一个 ISO 9660的映像文件
wodim (cdrecord) – 把数据写入光存储媒介
md5sum – 计算 MD5检验码
```

### 查看硬盘使用情况

```shell
❯ df -h
Filesystem      Size  Used Avail Use% Mounted on
udev            7.9G     0  7.9G   0% /dev
tmpfs           1.6G  1.0M  1.6G   1% /run
/dev/vda1        38G   19G   18G  51% /
tmpfs           7.9G     0  7.9G   0% /dev/shm
tmpfs           5.0M     0  5.0M   0% /run/lock
tmpfs           7.9G     0  7.9G   0% /sys/fs/cgroup
tmpfs           1.6G     0  1.6G   0% /run/user/0
```

### 查看所有硬盘

```shell
Disk /dev/vda: 40 GiB, 42949672960 bytes, 83886080 sectors
Units: sectors of 1 * 512 = 512 bytes
Sector size (logical/physical): 512 bytes / 512 bytes
I/O size (minimum/optimal): 512 bytes / 512 bytes
Disklabel type: dos
Disk identifier: 0x4fb90445

Device     Boot Start      End  Sectors Size Id Type
/dev/vda1  *     2048 83886046 83883999  40G 83 Linux

Disk /dev/vdb: 50 GiB, 53687091200 bytes, 104857600 sectors
Units: sectors of 1 * 512 = 512 bytes
Sector size (logical/physical): 512 bytes / 512 bytes
I/O size (minimum/optimal): 512 bytes / 512 bytes
```



### 将dev/vdb格式化

```
fdisk /dev/vdb
```

